====================================
FILE: funcscope.c-
ERROR(5): Symbol 'x' is already declared at line 5.
ERROR(6): Symbol 'x' is already declared at line 5.
WARNING(10): The variable x seems not to be used.
ERROR(16): Symbol 'x' is already declared at line 15.
WARNING(15): The variable x seems not to be used.
ERROR(29): Symbol 'x' is already declared at line 28.
ERROR(LINKER): Procedure main is not declared.
Func ant: returns type void [line: 5]
.   Child: 0  Param x: type int [line: 5]
.   Sibling: 1  Param x: type int [line: 5]
.   Child: 1  Compound [line: 5]
.   .   Child: 0  Var x: type int [line: 6]
.   .   Child: 1  Assign = : type int [line: 7]
.   .   .   Child: 0  Id x: type int [line: 7]
.   .   .   Child: 1  Const 1 : type int [line: 7]
Sibling: 1  Func bat: returns type void [line: 10]
.   Child: 0  Param x: type int [line: 10]
.   Child: 1  Compound [line: 10]
.   .   Child: 1  Compound [line: 10]
.   .   .   Child: 0  Var x: type int [line: 11]
.   .   .   Child: 1  Assign = : type int [line: 12]
.   .   .   .   Child: 0  Id x: type int [line: 12]
.   .   .   .   Child: 1  Const 2 : type int [line: 12]
Sibling: 2  Func cat: returns type void [line: 15]
.   Child: 0  Param x: type int [line: 15]
.   Child: 1  Compound [line: 15]
.   .   Child: 0  Var x: type int [line: 16]
.   .   Child: 1  Compound [line: 17]
.   .   .   Child: 0  Var x: type int [line: 18]
.   .   .   Child: 1  Assign = : type int [line: 19]
.   .   .   .   Child: 0  Id x: type int [line: 19]
.   .   .   .   Child: 1  Const 3 : type int [line: 19]
Sibling: 3  Func dog: returns type void [line: 22]
.   Child: 0  Param x: type int [line: 22]
.   Child: 1  If [line: 23]
.   .   Child: 0  Op > : type bool [line: 23]
.   .   .   Child: 0  Id x: type int [line: 23]
.   .   .   Child: 1  Const 3 : type int [line: 23]
.   .   Child: 1  Compound [line: 23]
.   .   .   Child: 0  Var x: type int [line: 24]
.   .   .   Child: 1  Assign = : type int [line: 25]
.   .   .   .   Child: 0  Id x: type int [line: 25]
.   .   .   .   Child: 1  Const 4 : type int [line: 25]
Sibling: 4  Func elk: returns type void [line: 28]
.   Child: 0  Param x: type int [line: 28]
.   Child: 1  Compound [line: 28]
.   .   Child: 0  Var x: type int [line: 29]
.   .   Child: 1  If [line: 30]
.   .   .   Child: 0  Op > : type bool [line: 30]
.   .   .   .   Child: 0  Id x: type int [line: 30]
.   .   .   .   Child: 1  Const 3 : type int [line: 30]
.   .   .   Child: 1  Compound [line: 30]
.   .   .   .   Child: 0  Var x: type int [line: 31]
.   .   .   .   Child: 1  Assign = : type int [line: 31]
.   .   .   .   .   Child: 0  Id x: type int [line: 31]
.   .   .   .   .   Child: 1  Const 5 : type int [line: 31]
Sibling: 5  Func fox: returns type void [line: 35]
.   Child: 0  Param x: type int [line: 35]
.   Child: 1  While [line: 36]
.   .   Child: 0  Const true : type bool [line: 36]
.   .   Child: 1  If [line: 37]
.   .   .   Child: 0  Op > : type bool [line: 37]
.   .   .   .   Child: 0  Id x: type int [line: 37]
.   .   .   .   Child: 1  Const 3 : type int [line: 37]
.   .   .   Child: 1  Compound [line: 37]
.   .   .   .   Child: 0  Var x: type int [line: 38]
.   .   .   .   Child: 1  Assign = : type int [line: 38]
.   .   .   .   .   Child: 0  Id x: type int [line: 38]
.   .   .   .   .   Child: 1  Const 6 : type int [line: 38]
.   .   .   Child: 2  Compound [line: 40]
.   .   .   .   Child: 0  Var x: type int [line: 41]
.   .   .   .   Child: 1  Assign = : type int [line: 41]
.   .   .   .   .   Child: 0  Id x: type int [line: 41]
.   .   .   .   .   Child: 1  Const 7 : type int [line: 41]
Sibling: 6  Func gnu: returns type void [line: 44]
.   Child: 0  Param x: type int [line: 44]
.   Child: 1  While [line: 45]
.   .   Child: 0  Const true : type bool [line: 45]
.   .   Child: 1  If [line: 46]
.   .   .   Child: 0  Op > : type bool [line: 46]
.   .   .   .   Child: 0  Id x: type int [line: 46]
.   .   .   .   Child: 1  Const 3 : type int [line: 46]
.   .   .   Child: 1  Const 666 : type int [line: 46]
.   .   .   Child: 2  Compound [line: 47]
.   .   .   .   Child: 0  Var x: type int [line: 48]
.   .   .   .   Child: 1  Assign = : type int [line: 48]
.   .   .   .   .   Child: 0  Id x: type int [line: 48]
.   .   .   .   .   Child: 1  Const 7 : type int [line: 48]
Number of warnings: 2
Number of errors: 5
