====================================
FILE: exp3.c-
ERROR(33): '|' requires operands of type bool but rhs is of type int.
ERROR(34): '|' requires operands of type bool but rhs is of type int.
WARNING(37): Variable z may be uninitialized when used here.
ERROR(40): '+' requires operands of type int but lhs is of type bool.
ERROR(40): '+' requires operands of type int but rhs is of type bool.
ERROR(40): '=' requires operands of the same type but lhs is type bool and rhs is type int.
ERROR(45): Variable 'x' is not declared.
WARNING(45): Variable z may be uninitialized when used here.
ERROR(46): Variable 'x' is not declared.
ERROR(48): '+' requires operands of type int but lhs is of type bool.
ERROR(48): '+' requires operands of type int but rhs is of type bool.
ERROR(48): '=' requires operands of the same type but lhs is type bool and rhs is type int.
ERROR(49): Variable 'x' is not declared.
ERROR(49): '*' requires operands of type int but lhs is of type bool.
ERROR(49): '*' requires operands of type int but rhs is of type bool.
ERROR(49): '+' requires operands of type int but lhs is of type bool.
ERROR(49): '*' requires operands of type int but lhs is of type bool.
ERROR(49): Variable 'x' is not declared.
ERROR(49): '+' requires operands of type int but lhs is of type bool.
Var g: type int [line: 2]
Sibling: 1  Func main: returns type void [line: 4]
.   Child: 1  Compound [line: 5]
.   .   Child: 1  Compound [line: 6]
.   .   .   Child: 0  Var x: type int [line: 7]
.   .   .   Sibling: 1  Var y: type int [line: 8]
.   .   .   Child: 1  Assign = : type int [line: 10]
.   .   .   .   Child: 0  Id x: type int [line: 10]
.   .   .   .   Child: 1  Const 11 : type int [line: 10]
.   .   .   Sibling: 1  Assign = : type int [line: 11]
.   .   .   .   Child: 0  Id y: type int [line: 11]
.   .   .   .   Child: 1  Const 12 : type int [line: 11]
.   .   .   Sibling: 2  Assign = : type int [line: 12]
.   .   .   .   Child: 0  Id g: type int [line: 12]
.   .   .   .   Child: 1  Const 13 : type int [line: 12]
.   .   .   Sibling: 3  Assign = : type int [line: 14]
.   .   .   .   Child: 0  Id x: type int [line: 14]
.   .   .   .   Child: 1  Op + : type int [line: 14]
.   .   .   .   .   Child: 0  Op + : type int [line: 14]
.   .   .   .   .   .   Child: 0  Op + : type int [line: 14]
.   .   .   .   .   .   .   Child: 0  Const 3 : type int [line: 14]
.   .   .   .   .   .   .   Child: 1  Op * : type int [line: 14]
.   .   .   .   .   .   .   .   Child: 0  Const 4 : type int [line: 14]
.   .   .   .   .   .   .   .   Child: 1  Id x: type int [line: 14]
.   .   .   .   .   .   Child: 1  Op * : type int [line: 14]
.   .   .   .   .   .   .   Child: 0  Id y: type int [line: 14]
.   .   .   .   .   .   .   Child: 1  Const 7 : type int [line: 14]
.   .   .   .   .   Child: 1  Op * : type int [line: 14]
.   .   .   .   .   .   Child: 0  Id x: type int [line: 14]
.   .   .   .   .   .   Child: 1  Op + : type int [line: 14]
.   .   .   .   .   .   .   Child: 0  Id y: type int [line: 14]
.   .   .   .   .   .   .   Child: 1  Id g: type int [line: 14]
.   .   .   Sibling: 4  Assign = : type int [line: 15]
.   .   .   .   Child: 0  Id x: type int [line: 15]
.   .   .   .   Child: 1  Op - : type int [line: 15]
.   .   .   .   .   Child: 0  Op - : type int [line: 15]
.   .   .   .   .   .   Child: 0  Op - : type int [line: 15]
.   .   .   .   .   .   .   Child: 0  Const 3 : type int [line: 15]
.   .   .   .   .   .   .   Child: 1  Op / : type int [line: 15]
.   .   .   .   .   .   .   .   Child: 0  Const 4 : type int [line: 15]
.   .   .   .   .   .   .   .   Child: 1  Id x: type int [line: 15]
.   .   .   .   .   .   Child: 1  Op / : type int [line: 15]
.   .   .   .   .   .   .   Child: 0  Id y: type int [line: 15]
.   .   .   .   .   .   .   Child: 1  Const 7 : type int [line: 15]
.   .   .   .   .   Child: 1  Op / : type int [line: 15]
.   .   .   .   .   .   Child: 0  Id x: type int [line: 15]
.   .   .   .   .   .   Child: 1  Op - : type int [line: 15]
.   .   .   .   .   .   .   Child: 0  Id y: type int [line: 15]
.   .   .   .   .   .   .   Child: 1  Id g: type int [line: 15]
.   .   .   Sibling: 5  Assign = : type int [line: 16]
.   .   .   .   Child: 0  Id x: type int [line: 16]
.   .   .   .   Child: 1  Op / : type int [line: 16]
.   .   .   .   .   Child: 0  Op % : type int [line: 16]
.   .   .   .   .   .   Child: 0  Op / : type int [line: 16]
.   .   .   .   .   .   .   Child: 0  Op % : type int [line: 16]
.   .   .   .   .   .   .   .   Child: 0  Const 3 : type int [line: 16]
.   .   .   .   .   .   .   .   Child: 1  Const 4 : type int [line: 16]
.   .   .   .   .   .   .   Child: 1  Id x: type int [line: 16]
.   .   .   .   .   .   Child: 1  Op % : type int [line: 16]
.   .   .   .   .   .   .   Child: 0  Op / : type int [line: 16]
.   .   .   .   .   .   .   .   Child: 0  Id y: type int [line: 16]
.   .   .   .   .   .   .   .   Child: 1  Const 7 : type int [line: 16]
.   .   .   .   .   .   .   Child: 1  Id x: type int [line: 16]
.   .   .   .   .   Child: 1  Op % : type int [line: 16]
.   .   .   .   .   .   Child: 0  Id y: type int [line: 16]
.   .   .   .   .   .   Child: 1  Id g: type int [line: 16]
.   .   Sibling: 1  Compound [line: 18]
.   .   .   Child: 0  Var x: type int [line: 19]
.   .   .   Sibling: 1  Var y: type int [line: 19]
.   .   .   Sibling: 2  Var z: array of type int [line: 19]
.   .   .   Child: 1  Assign = : type int [line: 21]
.   .   .   .   Child: 0  Id x: type int [line: 21]
.   .   .   .   Child: 1  Const 22 : type int [line: 21]
.   .   .   Sibling: 1  Assign = : type int [line: 22]
.   .   .   .   Child: 0  Id y: type int [line: 22]
.   .   .   .   Child: 1  Const 23 : type int [line: 22]
.   .   .   Sibling: 2  Assign = : type int [line: 23]
.   .   .   .   Child: 0  Op [ : type int [line: 23]
.   .   .   .   .   Child: 0  Id z: array of type int [line: 23]
.   .   .   .   .   Child: 1  Const 1 : type int [line: 23]
.   .   .   .   Child: 1  Assign = : type int [line: 23]
.   .   .   .   .   Child: 0  Op [ : type int [line: 23]
.   .   .   .   .   .   Child: 0  Id z: array of type int [line: 23]
.   .   .   .   .   .   Child: 1  Const 2 : type int [line: 23]
.   .   .   .   .   Child: 1  Assign = : type int [line: 23]
.   .   .   .   .   .   Child: 0  Op [ : type int [line: 23]
.   .   .   .   .   .   .   Child: 0  Id z: array of type int [line: 23]
.   .   .   .   .   .   .   Child: 1  Const 3 : type int [line: 23]
.   .   .   .   .   .   Child: 1  Const 24 : type int [line: 23]
.   .   .   Sibling: 3  Assign = : type int [line: 25]
.   .   .   .   Child: 0  Id x: type int [line: 25]
.   .   .   .   Child: 1  Op [ : type int [line: 25]
.   .   .   .   .   Child: 0  Id z: array of type int [line: 25]
.   .   .   .   .   Child: 1  Const 1 : type int [line: 25]
.   .   .   Sibling: 4  Assign = : type int [line: 26]
.   .   .   .   Child: 0  Op [ : type int [line: 26]
.   .   .   .   .   Child: 0  Id z: array of type int [line: 26]
.   .   .   .   .   Child: 1  Const 1 : type int [line: 26]
.   .   .   .   Child: 1  Id x: type int [line: 26]
.   .   .   Sibling: 5  Assign = : type int [line: 27]
.   .   .   .   Child: 0  Op [ : type int [line: 27]
.   .   .   .   .   Child: 0  Id z: array of type int [line: 27]
.   .   .   .   .   Child: 1  Const 1 : type int [line: 27]
.   .   .   .   Child: 1  Op [ : type int [line: 27]
.   .   .   .   .   Child: 0  Id z: array of type int [line: 27]
.   .   .   .   .   Child: 1  Const 2 : type int [line: 27]
.   .   .   Sibling: 6  Assign = : type int [line: 28]
.   .   .   .   Child: 0  Op [ : type int [line: 28]
.   .   .   .   .   Child: 0  Id z: array of type int [line: 28]
.   .   .   .   .   Child: 1  Const 1 : type int [line: 28]
.   .   .   .   Child: 1  Op + : type int [line: 28]
.   .   .   .   .   Child: 0  Op [ : type int [line: 28]
.   .   .   .   .   .   Child: 0  Id z: array of type int [line: 28]
.   .   .   .   .   .   Child: 1  Const 2 : type int [line: 28]
.   .   .   .   .   Child: 1  Op [ : type int [line: 28]
.   .   .   .   .   .   Child: 0  Id z: array of type int [line: 28]
.   .   .   .   .   .   Child: 1  Const 3 : type int [line: 28]
.   .   Sibling: 2  Compound [line: 30]
.   .   .   Child: 0  Var x: type bool [line: 30]
.   .   .   Sibling: 1  Var y: type bool [line: 30]
.   .   .   Sibling: 2  Var z: array of type bool [line: 30]
.   .   .   Child: 1  Assign = : type bool [line: 32]
.   .   .   .   Child: 0  Id x: type bool [line: 32]
.   .   .   .   Child: 1  Assign = : type bool [line: 32]
.   .   .   .   .   Child: 0  Id y: type bool [line: 32]
.   .   .   .   .   Child: 1  Const true : type bool [line: 32]
.   .   .   Sibling: 1  Assign = : type bool [line: 33]
.   .   .   .   Child: 0  Id x: type bool [line: 33]
.   .   .   .   Child: 1  Op | : type bool [line: 33]
.   .   .   .   .   Child: 0  Op | : type bool [line: 33]
.   .   .   .   .   .   Child: 0  Op | : type bool [line: 33]
.   .   .   .   .   .   .   Child: 0  Const true : type bool [line: 33]
.   .   .   .   .   .   .   Child: 1  Op & : type bool [line: 33]
.   .   .   .   .   .   .   .   Child: 0  Const false : type bool [line: 33]
.   .   .   .   .   .   .   .   Child: 1  Id x: type bool [line: 33]
.   .   .   .   .   .   Child: 1  Op & : type bool [line: 33]
.   .   .   .   .   .   .   Child: 0  Id y: type bool [line: 33]
.   .   .   .   .   .   .   Child: 1  Const true : type bool [line: 33]
.   .   .   .   .   Child: 1  Op & : type bool [line: 33]
.   .   .   .   .   .   Child: 0  Id x: type bool [line: 33]
.   .   .   .   .   .   Child: 1  Op | : type bool [line: 33]
.   .   .   .   .   .   .   Child: 0  Id y: type bool [line: 33]
.   .   .   .   .   .   .   Child: 1  Id g: type int [line: 33]
.   .   .   Sibling: 2  Assign = : type bool [line: 34]
.   .   .   .   Child: 0  Id x: type bool [line: 34]
.   .   .   .   Child: 1  Op | : type bool [line: 34]
.   .   .   .   .   Child: 0  Const true : type bool [line: 34]
.   .   .   .   .   Child: 1  Const 7 : type int [line: 34]
.   .   .   Sibling: 3  Assign = : type bool [line: 35]
.   .   .   .   Child: 0  Id x: type bool [line: 35]
.   .   .   .   Child: 1  Op | : type bool [line: 35]
.   .   .   .   .   Child: 0  Op ! : type bool [line: 35]
.   .   .   .   .   .   Child: 0  Const true : type bool [line: 35]
.   .   .   .   .   Child: 1  Op ! : type bool [line: 35]
.   .   .   .   .   .   Child: 0  Op ! : type bool [line: 35]
.   .   .   .   .   .   .   Child: 0  Id x: type bool [line: 35]
.   .   .   Sibling: 4  Assign = : type bool [line: 37]
.   .   .   .   Child: 0  Id x: type bool [line: 37]
.   .   .   .   Child: 1  Op [ : type bool [line: 37]
.   .   .   .   .   Child: 0  Id z: array of type bool [line: 37]
.   .   .   .   .   Child: 1  Const 1 : type int [line: 37]
.   .   .   Sibling: 5  Assign = : type bool [line: 38]
.   .   .   .   Child: 0  Op [ : type bool [line: 38]
.   .   .   .   .   Child: 0  Id z: array of type bool [line: 38]
.   .   .   .   .   Child: 1  Const 1 : type int [line: 38]
.   .   .   .   Child: 1  Id x: type bool [line: 38]
.   .   .   Sibling: 6  Assign = : type bool [line: 39]
.   .   .   .   Child: 0  Op [ : type bool [line: 39]
.   .   .   .   .   Child: 0  Id z: array of type bool [line: 39]
.   .   .   .   .   Child: 1  Const 1 : type int [line: 39]
.   .   .   .   Child: 1  Op [ : type bool [line: 39]
.   .   .   .   .   Child: 0  Id z: array of type bool [line: 39]
.   .   .   .   .   Child: 1  Const 2 : type int [line: 39]
.   .   .   Sibling: 7  Assign = : type bool [line: 40]
.   .   .   .   Child: 0  Op [ : type bool [line: 40]
.   .   .   .   .   Child: 0  Id z: array of type bool [line: 40]
.   .   .   .   .   Child: 1  Const 1 : type int [line: 40]
.   .   .   .   Child: 1  Op + : type int [line: 40]
.   .   .   .   .   Child: 0  Op [ : type bool [line: 40]
.   .   .   .   .   .   Child: 0  Id z: array of type bool [line: 40]
.   .   .   .   .   .   Child: 1  Const 2 : type int [line: 40]
.   .   .   .   .   Child: 1  Op [ : type bool [line: 40]
.   .   .   .   .   .   Child: 0  Id z: array of type bool [line: 40]
.   .   .   .   .   .   Child: 1  Const 3 : type int [line: 40]
.   .   Sibling: 3  Compound [line: 42]
.   .   .   Child: 0  Var z: array of type bool [line: 43]
.   .   .   Child: 1  Assign = : undefined type [line: 45]
.   .   .   .   Child: 0  Id x: undefined type [line: 45]
.   .   .   .   Child: 1  Op [ : type bool [line: 45]
.   .   .   .   .   Child: 0  Id z: array of type bool [line: 45]
.   .   .   .   .   Child: 1  Const 1 : type int [line: 45]
.   .   .   Sibling: 1  Assign = : type bool [line: 46]
.   .   .   .   Child: 0  Op [ : type bool [line: 46]
.   .   .   .   .   Child: 0  Id z: array of type bool [line: 46]
.   .   .   .   .   Child: 1  Const 1 : type int [line: 46]
.   .   .   .   Child: 1  Id x: undefined type [line: 46]
.   .   .   Sibling: 2  Assign = : type bool [line: 47]
.   .   .   .   Child: 0  Op [ : type bool [line: 47]
.   .   .   .   .   Child: 0  Id z: array of type bool [line: 47]
.   .   .   .   .   Child: 1  Const 1 : type int [line: 47]
.   .   .   .   Child: 1  Op [ : type bool [line: 47]
.   .   .   .   .   Child: 0  Id z: array of type bool [line: 47]
.   .   .   .   .   Child: 1  Const 2 : type int [line: 47]
.   .   .   Sibling: 3  Assign = : type bool [line: 48]
.   .   .   .   Child: 0  Op [ : type bool [line: 48]
.   .   .   .   .   Child: 0  Id z: array of type bool [line: 48]
.   .   .   .   .   Child: 1  Const 1 : type int [line: 48]
.   .   .   .   Child: 1  Op + : type int [line: 48]
.   .   .   .   .   Child: 0  Op [ : type bool [line: 48]
.   .   .   .   .   .   Child: 0  Id z: array of type bool [line: 48]
.   .   .   .   .   .   Child: 1  Const 2 : type int [line: 48]
.   .   .   .   .   Child: 1  Op [ : type bool [line: 48]
.   .   .   .   .   .   Child: 0  Id z: array of type bool [line: 48]
.   .   .   .   .   .   Child: 1  Const 3 : type int [line: 48]
.   .   .   Sibling: 4  Assign = : undefined type [line: 49]
.   .   .   .   Child: 0  Id x: undefined type [line: 49]
.   .   .   .   Child: 1  Op + : type int [line: 49]
.   .   .   .   .   Child: 0  Op + : type int [line: 49]
.   .   .   .   .   .   Child: 0  Op + : type int [line: 49]
.   .   .   .   .   .   .   Child: 0  Op [ : type bool [line: 49]
.   .   .   .   .   .   .   .   Child: 0  Id z: array of type bool [line: 49]
.   .   .   .   .   .   .   .   Child: 1  Const 1 : type int [line: 49]
.   .   .   .   .   .   .   Child: 1  Op * : type int [line: 49]
.   .   .   .   .   .   .   .   Child: 0  Op [ : type bool [line: 49]
.   .   .   .   .   .   .   .   .   Child: 0  Id z: array of type bool [line: 49]
.   .   .   .   .   .   .   .   .   Child: 1  Const 2 : type int [line: 49]
.   .   .   .   .   .   .   .   Child: 1  Op [ : type bool [line: 49]
.   .   .   .   .   .   .   .   .   Child: 0  Id z: array of type bool [line: 49]
.   .   .   .   .   .   .   .   .   Child: 1  Const 0 : type int [line: 49]
.   .   .   .   .   .   Child: 1  Op * : type int [line: 49]
.   .   .   .   .   .   .   Child: 0  Op [ : type bool [line: 49]
.   .   .   .   .   .   .   .   Child: 0  Id z: array of type bool [line: 49]
.   .   .   .   .   .   .   .   Child: 1  Const 3 : type int [line: 49]
.   .   .   .   .   .   .   Child: 1  Const 7 : type int [line: 49]
.   .   .   .   .   Child: 1  Op * : type int [line: 49]
.   .   .   .   .   .   Child: 0  Id x: undefined type [line: 49]
.   .   .   .   .   .   Child: 1  Op + : type int [line: 49]
.   .   .   .   .   .   .   Child: 0  Op [ : type bool [line: 49]
.   .   .   .   .   .   .   .   Child: 0  Id z: array of type bool [line: 49]
.   .   .   .   .   .   .   .   Child: 1  Const 4 : type int [line: 49]
.   .   .   .   .   .   .   Child: 1  Id g: type int [line: 49]
.   .   Sibling: 4  Assign = : type int [line: 52]
.   .   .   Child: 0  Id g: type int [line: 52]
.   .   .   Child: 1  Assign = : type int [line: 52]
.   .   .   .   Child: 0  Id g: type int [line: 52]
.   .   .   .   Child: 1  Assign = : type int [line: 52]
.   .   .   .   .   Child: 0  Id g: type int [line: 52]
.   .   .   .   .   Child: 1  Const 3 : type int [line: 52]
Number of warnings: 2
Number of errors: 17
