====================================
FILE: ifevil.c-
WARNING(6): Variable hog may be uninitialized when used here.
ERROR(6): Expecting Boolean test condition in if statement but got type int.
WARNING(6): Variable bat may be uninitialized when used here.
WARNING(7): Variable fox may be uninitialized when used here.
ERROR(9): Expecting Boolean test condition in if statement but got type int.
ERROR(10): Expecting Boolean test condition in if statement but got type int.
ERROR(13): Expecting Boolean test condition in if statement but got type int.
ERROR(15): Expecting Boolean test condition in if statement but got type int.
ERROR(17): Expecting Boolean test condition in if statement but got type int.
ERROR(19): Expecting Boolean test condition in if statement but got type int.
ERROR(20): Expecting Boolean test condition in if statement but got type int.
WARNING(2): Expecting to return type int but function 'ant' has no return statement.
ERROR(LINKER): Procedure main is not declared.
Func ant: returns type int [line: 2]
.   Child: 1  Compound [line: 3]
.   .   Child: 0  Var bat: type int [line: 4]
.   .   Sibling: 1  Var hog: type int [line: 4]
.   .   Sibling: 2  Var fox: type int [line: 4]
.   .   Child: 1  If [line: 6]
.   .   .   Child: 0  Id hog: type int [line: 6]
.   .   .   Child: 1  Id bat: type int [line: 6]
.   .   .   Child: 2  Id fox: type int [line: 7]
.   .   Sibling: 1  If [line: 9]
.   .   .   Child: 0  Id hog: type int [line: 9]
.   .   .   Child: 1  If [line: 10]
.   .   .   .   Child: 0  Id fox: type int [line: 10]
.   .   .   .   Child: 1  Id fox: type int [line: 10]
.   .   .   .   Child: 2  Id fox: type int [line: 11]
.   .   Sibling: 2  If [line: 13]
.   .   .   Child: 0  Id hog: type int [line: 13]
.   .   .   Child: 1  Id bat: type int [line: 13]
.   .   .   Child: 2  If [line: 15]
.   .   .   .   Child: 0  Id fox: type int [line: 15]
.   .   .   .   Child: 1  Id fox: type int [line: 15]
.   .   Sibling: 3  If [line: 17]
.   .   .   Child: 0  Id hog: type int [line: 17]
.   .   .   Child: 1  Id bat: type int [line: 17]
.   .   .   Child: 2  If [line: 19]
.   .   .   .   Child: 0  Id fox: type int [line: 19]
.   .   .   .   Child: 1  If [line: 20]
.   .   .   .   .   Child: 0  Id bat: type int [line: 20]
.   .   .   .   .   Child: 1  Id hog: type int [line: 20]
Number of warnings: 4
Number of errors: 9
