====================================
FILE: nested.c-
WARNING(8): The variable i seems not to be used.
WARNING(7): The variable i seems not to be used.
WARNING(12): The variable i seems not to be used.
WARNING(10): The variable i seems not to be used.
WARNING(18): The variable i seems not to be used.
WARNING(16): The variable i seems not to be used.
ERROR(23): Symbol 'i' is already declared at line 22.
WARNING(28): The variable i seems not to be used.
WARNING(25): The variable i seems not to be used.
ERROR(34): Symbol 'i' is already declared at line 32.
WARNING(32): The variable i seems not to be used.
WARNING(22): The variable i seems not to be used.
ERROR(LINKER): Procedure main is not declared.
Var ii: array of type int [line: 2]
Sibling: 1  Func fred: returns type void [line: 4]
.   Child: 1  Compound [line: 5]
.   .   Child: 1  For [line: 7]
.   .   .   Child: 0  Var i: type int [line: 7]
.   .   .   Child: 1  Id ii: array of type int [line: 7]
.   .   .   Child: 2  For [line: 8]
.   .   .   .   Child: 0  Var i: type int [line: 8]
.   .   .   .   Child: 1  Id ii: array of type int [line: 8]
.   .   .   .   Child: 2  Const 7 : type int [line: 9]
.   .   Sibling: 1  For [line: 10]
.   .   .   Child: 0  Var i: type int [line: 10]
.   .   .   Child: 1  Id ii: array of type int [line: 10]
.   .   .   Child: 2  If [line: 11]
.   .   .   .   Child: 0  Const true : type bool [line: 11]
.   .   .   .   Child: 1  Compound [line: 11]
.   .   .   .   .   Child: 0  Var i: type int [line: 12]
Sibling: 2  Func cat: returns type void [line: 16]
.   Child: 0  Param i: type int [line: 16]
.   Child: 1  If [line: 17]
.   .   Child: 0  Const true : type bool [line: 17]
.   .   Child: 1  Compound [line: 17]
.   .   .   Child: 0  Var i: type int [line: 18]
Sibling: 3  Func errorZ: returns type void [line: 22]
.   Child: 0  Param i: type int [line: 22]
.   Child: 1  Compound [line: 22]
.   .   Child: 0  Var i: type int [line: 23]
.   .   Child: 1  Compound [line: 24]
.   .   .   Child: 0  Var i: type int [line: 25]
.   .   .   Child: 1  If [line: 27]
.   .   .   .   Child: 0  Const true : type bool [line: 27]
.   .   .   .   Child: 1  Compound [line: 27]
.   .   .   .   .   Child: 0  Var i: type int [line: 28]
.   .   Sibling: 1  For [line: 32]
.   .   .   Child: 0  Var i: type int [line: 32]
.   .   .   Child: 1  Id ii: array of type int [line: 32]
.   .   .   Child: 2  Compound [line: 33]
.   .   .   .   Child: 0  Var i: type int [line: 34]
Number of warnings: 10
Number of errors: 3
