====================================
FILE: paramerr2.c-
WARNING(4): The variable boar seems not to be used.
ERROR(10): Too many parameters passed for function 'cow' declared on line 3.
ERROR(10): '+' requires operands of type int but lhs is of type bool.
ERROR(10): '+' requires operands of type int but rhs is of type bool.
ERROR(10): '&' requires operands of type bool but lhs is of type int.
ERROR(10): '&' requires operands of type bool but rhs is of type int.
ERROR(11): '+' requires operands of type int but rhs is of type bool.
ERROR(11): Too few parameters passed for function 'dog' declared on line 4.
ERROR(12): '+' requires operands of type int but rhs is of type bool.
ERROR(12): '*' requires operands of type int but rhs is of type bool.
ERROR(13): '+' requires operands of type int but rhs is of type bool.
ERROR(13): '*' requires operands of type int but rhs is of type bool.
ERROR(13): Too many parameters passed for function 'dog' declared on line 4.
ERROR(13): '-' requires operands of type int but rhs is of type bool.
ERROR(14): Function 'elk' is not declared.
ERROR(14): '+' requires operands of type int but rhs is of type bool.
Func cow: returns type void [line: 3]
Sibling: 1  Func dog: returns type void [line: 4]
.   Child: 0  Param aardvark: type int [line: 4]
.   Sibling: 1  Param boar: type int [line: 4]
.   Child: 1  Id aardvark: type int [line: 4]
Sibling: 2  Func main: returns type void [line: 6]
.   Child: 1  Compound [line: 7]
.   .   Child: 0  Var a: type int [line: 8]
.   .   .   Child: 0  Const 1 : type int [line: 8]
.   .   Sibling: 1  Var b: type bool [line: 8]
.   .   .   Child: 0  Const true : type bool [line: 8]
.   .   Child: 1  Call cow: type void [line: 10]
.   .   .   Child: 0  Op & : type bool [line: 10]
.   .   .   .   Child: 0  Op + : type int [line: 10]
.   .   .   .   .   Child: 0  Id b: type bool [line: 10]
.   .   .   .   .   Child: 1  Id b: type bool [line: 10]
.   .   .   .   Child: 1  Id a: type int [line: 10]
.   .   Sibling: 1  Call dog: type void [line: 11]
.   .   .   Child: 0  Op + : type int [line: 11]
.   .   .   .   Child: 0  Id a: type int [line: 11]
.   .   .   .   Child: 1  Id b: type bool [line: 11]
.   .   Sibling: 2  Call dog: type void [line: 12]
.   .   .   Child: 0  Op + : type int [line: 12]
.   .   .   .   Child: 0  Id a: type int [line: 12]
.   .   .   .   Child: 1  Id b: type bool [line: 12]
.   .   .   Sibling: 1  Op * : type int [line: 12]
.   .   .   .   Child: 0  Id a: type int [line: 12]
.   .   .   .   Child: 1  Id b: type bool [line: 12]
.   .   Sibling: 3  Call dog: type void [line: 13]
.   .   .   Child: 0  Op + : type int [line: 13]
.   .   .   .   Child: 0  Id a: type int [line: 13]
.   .   .   .   Child: 1  Id b: type bool [line: 13]
.   .   .   Sibling: 1  Op * : type int [line: 13]
.   .   .   .   Child: 0  Id a: type int [line: 13]
.   .   .   .   Child: 1  Id b: type bool [line: 13]
.   .   .   Sibling: 2  Op - : type int [line: 13]
.   .   .   .   Child: 0  Id a: type int [line: 13]
.   .   .   .   Child: 1  Id b: type bool [line: 13]
.   .   Sibling: 4  Call elk: undefined type [line: 14]
.   .   .   Child: 0  Op + : type int [line: 14]
.   .   .   .   Child: 0  Id a: type int [line: 14]
.   .   .   .   Child: 1  Id b: type bool [line: 14]
Number of warnings: 1
Number of errors: 15
