====================================
FILE: precassoc.c-
Var w: type int [line: 2]
Sibling: 1  Func dog: returns type int [line: 4]
.   Child: 0  Param x: type int [line: 4]
.   Child: 1  Compound [line: 4]
.   .   Child: 0  Var y: type int [line: 5]
.   .   Sibling: 1  Var z: type int [line: 5]
.   .   Child: 1  Assign = : type int [line: 7]
.   .   .   Child: 0  Id y: type int [line: 7]
.   .   .   Child: 1  Op + : type int [line: 7]
.   .   .   .   Child: 0  Op * : type int [line: 7]
.   .   .   .   .   Child: 0  Id x: type int [line: 7]
.   .   .   .   .   Child: 1  Const 111 : type int [line: 7]
.   .   .   .   Child: 1  Const 222 : type int [line: 7]
.   .   Sibling: 1  Assign = : type int [line: 9]
.   .   .   Child: 0  Id z: type int [line: 9]
.   .   .   Child: 1  Op + : type int [line: 9]
.   .   .   .   Child: 0  Id y: type int [line: 9]
.   .   .   .   Child: 1  Op * : type int [line: 9]
.   .   .   .   .   Child: 0  Const 333 : type int [line: 9]
.   .   .   .   .   Child: 1  Op + : type int [line: 9]
.   .   .   .   .   .   Child: 0  Const 444 : type int [line: 9]
.   .   .   .   .   .   Child: 1  Const 555 : type int [line: 9]
.   .   Sibling: 2  Assign = : type int [line: 11]
.   .   .   Child: 0  Id w: type int [line: 11]
.   .   .   Child: 1  Op * : type int [line: 11]
.   .   .   .   Child: 0  Op + : type int [line: 11]
.   .   .   .   .   Child: 0  Const 111 : type int [line: 11]
.   .   .   .   .   Child: 1  Const 222 : type int [line: 11]
.   .   .   .   Child: 1  Op + : type int [line: 11]
.   .   .   .   .   Child: 0  Const 333 : type int [line: 11]
.   .   .   .   .   Child: 1  Const 444 : type int [line: 11]
.   .   Sibling: 3  Assign = : type int [line: 13]
.   .   .   Child: 0  Id w: type int [line: 13]
.   .   .   Child: 1  Op * : type int [line: 13]
.   .   .   .   Child: 0  Call dog: type int [line: 13]
.   .   .   .   .   Child: 0  Const 3 : type int [line: 13]
.   .   .   .   Child: 1  Call dog: type int [line: 13]
.   .   .   .   .   Child: 0  Const 3 : type int [line: 13]
.   .   Sibling: 4  Return [line: 15]
.   .   .   Child: 0  Id z: type int [line: 15]
Sibling: 2  Func main: returns type void [line: 18]
.   Child: 1  Compound [line: 18]
.   .   Child: 1  Call dog: type int [line: 19]
.   .   .   Child: 0  Const 666 : type int [line: 19]
Number of warnings: 0
Number of errors: 0
