====================================
FILE: tinyConstants.c-
ERROR(4): Function 'output' is not declared.
ERROR(5): Function 'outputb' is not declared.
ERROR(6): Function 'outputb' is not declared.
ERROR(7): Function 'outputc' is not declared.
ERROR(8): Function 'outnl' is not declared.
Func main: returns type void [line: 2]
.   Child: 1  Compound [line: 3]
.   .   Child: 1  Call output: undefined type [line: 4]
.   .   .   Child: 0  Const 111 : type int [line: 4]
.   .   Sibling: 1  Call outputb: undefined type [line: 5]
.   .   .   Child: 0  Const true : type bool [line: 5]
.   .   Sibling: 2  Call outputb: undefined type [line: 6]
.   .   .   Child: 0  Const false : type bool [line: 6]
.   .   Sibling: 3  Call outputc: undefined type [line: 7]
.   .   .   Child: 0  Const: 'x' : type char [line: 7]
.   .   Sibling: 4  Call outnl: undefined type [line: 8]
Number of warnings: 0
Number of errors: 5
