====================================
FILE: tinyBreak2.c-
ERROR(10): Function 'output' is not declared.
ERROR(12): Function 'outnl' is not declared.
ERROR(16): Function 'output' is not declared.
ERROR(17): Function 'outnl' is not declared.
Func main: returns type void [line: 2]
.   Child: 1  Compound [line: 3]
.   .   Child: 0  Var i: type int [line: 4]
.   .   Child: 1  Assign = : type int [line: 6]
.   .   .   Child: 0  Id i: type int [line: 6]
.   .   .   Child: 1  Const 0 : type int [line: 6]
.   .   Sibling: 1  While [line: 7]
.   .   .   Child: 0  Const true : type bool [line: 7]
.   .   .   Child: 1  Compound [line: 7]
.   .   .   .   Child: 1  While [line: 8]
.   .   .   .   .   Child: 0  Const true : type bool [line: 8]
.   .   .   .   .   Child: 1  Compound [line: 8]
.   .   .   .   .   .   Child: 1  Assign ++ : type int [line: 9]
.   .   .   .   .   .   .   Child: 0  Id i: type int [line: 9]
.   .   .   .   .   .   Sibling: 1  Call output: undefined type [line: 10]
.   .   .   .   .   .   .   Child: 0  Id i: type int [line: 10]
.   .   .   .   .   .   Sibling: 2  If [line: 11]
.   .   .   .   .   .   .   Child: 0  Op > : type bool [line: 11]
.   .   .   .   .   .   .   .   Child: 0  Id i: type int [line: 11]
.   .   .   .   .   .   .   .   Child: 1  Const 4 : type int [line: 11]
.   .   .   .   .   .   .   Child: 1  Break [line: 11]
.   .   .   .   .   .   Sibling: 3  Call outnl: undefined type [line: 12]
.   .   .   .   Sibling: 1  If [line: 14]
.   .   .   .   .   Child: 0  Op > : type bool [line: 14]
.   .   .   .   .   .   Child: 0  Id i: type int [line: 14]
.   .   .   .   .   .   Child: 1  Const 8 : type int [line: 14]
.   .   .   .   .   Child: 1  Break [line: 14]
.   .   Sibling: 2  Call output: undefined type [line: 16]
.   .   .   Child: 0  Id i: type int [line: 16]
.   .   Sibling: 3  Call outnl: undefined type [line: 17]
Number of warnings: 0
Number of errors: 4
