====================================
FILE: tinyscope.c-
WARNING(8): Variable a may be uninitialized when used here.
Var a: type int [line: 2]
Sibling: 1  Func dog: returns type void [line: 4]
.   Child: 0  Param a: type char [line: 4]
.   Child: 1  Compound [line: 4]
.   .   Child: 1  Id a: type char [line: 5]
.   .   Sibling: 1  Compound [line: 6]
.   .   .   Child: 0  Var a: type int [line: 7]
.   .   .   Child: 1  Id a: type int [line: 8]
.   .   Sibling: 2  Id a: type char [line: 10]
.   .   Sibling: 3  Compound [line: 11]
.   .   .   Child: 0  Var a: static type char [line: 12]
.   .   .   Child: 1  Id a: static type char [line: 13]
.   .   Sibling: 4  Id a: type char [line: 15]
Sibling: 2  Func main: returns type void [line: 18]
.   Child: 1  Compound [line: 18]
.   .   Child: 1  Id a: type int [line: 19]
Number of warnings: 1
Number of errors: 0
