WARNING(12): Variable close may be uninitialized when used here.
WARNING(13): Variable shave may be uninitialized when used here.
WARNING(22): Variable out may be uninitialized when used here.
WARNING(35): Variable were may be uninitialized when used here.
WARNING(35): Variable rabbit may be uninitialized when used here.
WARNING(39): Variable trousers may be uninitialized when used here.
WARNING(46): The variable preston seems not to be used.
WARNING(46): The variable shawn seems not to be used.
WARNING(57): Variable chicken may be uninitialized when used here.
WARNING(57): Variable run may be uninitialized when used here.
WARNING(60): Variable wallace may be uninitialized when used here.
WARNING(60): Variable gromit may be uninitialized when used here.
WARNING(65): The variable y seems not to be used.
WARNING(73): Variable preston may be uninitialized when used here.
WARNING(73): Variable yarn may be uninitialized when used here.
WARNING(73): Variable shawn may be uninitialized when used here.
WARNING(69): The variable wool seems not to be used.
Number of warnings: 17
Number of errors: 0
------------------------------------
Loading file: everything.tm
Bye.
