WARNING(36): The variable rand seems not to be used.
WARNING(48): The variable j seems not to be used.
Number of warnings: 2
Number of errors: 0
------------------------------------
Loading file: minesweeper.tm
entered: 331
F F F F F F F F F F
F F F F F F F F F F
F F F F F F F F F F
F F F F F F F F F F
F F F F F F F F F F
F F F F F F F F F F
F F F F F F F F F F
F F F F F F F F F F
F F F F F F F F F F
F F F F F F F F F F
entered: 2
entered: 2
F F F F F F F F F F
F 1 F F F F F F F F
F F F F F F F F F F
F F F F F F F F F F
F F F F F F F F F F
F F F F F F F F F F
F F F F F F F F F F
F F F F F F F F F F
F F F F F F F F F F
F F F F F F F F F F
entered: 3
entered: 3
F F F F F F F F F F
F 1 F F F F F F F F
F F 1 F F F F F F F
F F F F F F F F F F
F F F F F F F F F F
F F F F F F F F F F
F F F F F F F F F F
F F F F F F F F F F
F F F F F F F F F F
F F F F F F F F F F
entered: 4
entered: 4
F F F F 0 0 F F F F
F 1 F F 0 0 F F F F
F F 1 F 0 0 F F F F
F F 0 0 0 0 F F F F
F F 0 0 0 F F F F F
F F F 0 0 F F F F F
F F F 0 0 F F F F F
F F F F F F F F F F
F F F F F F F F F F
F F F F F F F F F F
entered: 5
entered: 5
F F F F 0 0 F F F F
F 1 F F 0 0 F F F F
F F 1 F 0 0 F F F F
F F 0 0 0 0 F F F F
F F 0 0 0 F F F F F
F F F 0 0 F F F F F
F F F 0 0 F F F F F
F F F F F F F F F F
F F F F F F F F F F
F F F F F F F F F F
entered: 6
entered: 6
F F F F 0 0 F F F F
F 1 F F 0 0 F F F F
F F 1 F 0 0 F F F F
F F 0 0 0 0 F F F F
F F 0 0 0 F F F F F
F F F 0 0 1 F F F F
F F F 0 0 F F F F F
F F F F F F F F F F
F F F F F F F F F F
F F F F F F F F F F
entered: 7
entered: 7
F F F F 0 0 F F F F
F 1 F F 0 0 F F F F
F F 1 F 0 0 F F F F
F F 0 0 0 0 F F F F
F F 0 0 0 F F F F F
F F F 0 0 1 F F F F
F F F 0 0 F 1 F F F
F F F F F F F F F F
F F F F F F F F F F
F F F F F F F F F F
entered: 8
entered: 8
F F F F 0 0 F F F F
F 1 F F 0 0 F F F F
F F 1 F 0 0 F F F F
F F 0 0 0 0 F F F F
F F 0 0 0 F F F F F
F F F 0 0 1 F F F F
F F F 0 0 F 1 F F F
F F F F F F F 1 F F
F F F F F F F F F F
F F F F F F F F F F
entered: 9
entered: 9
0 1 1 1 0 0 1 T T 1
0 1 T 1 0 0 1 2 2 1
0 1 1 1 0 0 1 1 1 0
1 1 0 0 0 0 1 T 2 1
T 1 0 0 0 1 2 2 2 T
3 2 1 0 0 1 T 1 1 1
3 T 2 0 0 1 1 1 0 0
3 T 3 1 2 1 1 1 1 1
T 3 3 T 2 T 3 3 T 1
1 2 T 2 2 2 T T 2 1
BOOM!
ERROR: TM Command 1 unknown.
ERROR: TM Command 1 unknown.
ERROR: TM Command 9 unknown.
ERROR: TM Command 1 unknown.
ERROR: TM Command 1 unknown.
ERROR: TM Command 9 unknown.
ERROR: TM Command 1 unknown.
ERROR: TM Command 1 unknown.
ERROR: TM Command 2 unknown.
ERROR: TM Command 3 unknown.
Bye.
