====================================
FILE: call.c-
WARNING(2): Expecting to return type int but function 'showInt' has no return statement.
WARNING(8): Expecting to return type int but function 'showIntArray' has no return statement.
WARNING(19): Expecting to return type int but function 'showBool' has no return statement.
Number of warnings: 3
Number of errors: 0
