====================================
FILE: exp.c-
ERROR(26): '&' requires operands of type bool but rhs is of type int.
ERROR(26): '|' requires operands of type bool but rhs is of type int.
WARNING(32): Variable z may be uninitialized when used here.
ERROR(35): '+' requires operands of type int but lhs is of type bool.
ERROR(35): '+' requires operands of type int but rhs is of type bool.
ERROR(35): '=' requires operands of the same type but lhs is type bool and rhs is type int.
ERROR(40): Variable 'x' is not declared.
WARNING(40): Variable z may be uninitialized when used here.
ERROR(41): Variable 'x' is not declared.
ERROR(42): Variable 'x' is not declared.
ERROR(45): Variable 'x' is not declared.
ERROR(45): Variable 'x' is not declared.
WARNING(50): Variable c may be uninitialized when used here.
WARNING(51): Variable d may be uninitialized when used here.
WARNING(59): Variable x may be uninitialized when used here.
WARNING(59): Variable y may be uninitialized when used here.
WARNING(59): Variable b may be uninitialized when used here.
WARNING(59): Variable a may be uninitialized when used here.
Number of warnings: 8
Number of errors: 10
