====================================
FILE: small.c-
ERROR(21): Variable 'aardvark' is not declared.
ERROR(21): Cannot index nonarray 'aardvark'.
WARNING(21): Variable inn may be uninitialized when used here.
ERROR(23): Cannot index nonarray 'inn'.
WARNING(24): Variable zz may be uninitialized when used here.
WARNING(19): The variable four seems not to be used.
ERROR(28): Function 'max' at line 7 is expecting to return type int but return has no return value.
WARNING(10): The variable c seems not to be used.
ERROR(LINKER): Procedure main is not declared.
Number of warnings: 4
Number of errors: 5
