====================================
FILE: tinybad.c-
ERROR(8): Variable 'aspergillus' is not declared.
ERROR(8): Variable 'niger' is not declared.
ERROR(9): '=' requires operands of the same type but lhs is type char and rhs is type int.
ERROR(10): Cannot use function 'dog' as a variable.
ERROR(11): Cannot use function 'dog' as a variable.
ERROR(12): Array 'ant' should be indexed by type int but got type char.
ERROR(12): Array 'ant' should be indexed by type int but got type char.
ERROR(13): Cannot use function 'dog' as a variable.
ERROR(13): Variable 'cow' is not declared.
ERROR(15): Function 'dog' at line 5 is expecting to return type int but got type char.
WARNING(5): The variable corgi seems not to be used.
ERROR(LINKER): Procedure main is not declared.
Number of warnings: 1
Number of errors: 11
