====================================
FILE: tinyCall2.c-
Number of warnings: 0
Number of errors: 0
