====================================
FILE: tinyIfNest.c-
WARNING(6): Variable x may be uninitialized when used here.
WARNING(8): Variable y may be uninitialized when used here.
WARNING(11): Variable z may be uninitialized when used here.
Number of warnings: 3
Number of errors: 0
