====================================
FILE: undeclared.c-
ERROR(4): Variable 'z' is not declared.
ERROR(4): Variable 'i' is not declared.
ERROR(5): Variable 'z' is not declared.
ERROR(5): Variable 'i' is not declared.
ERROR(6): Variable 'i' is not declared.
ERROR(6): Variable 'i' is not declared.
ERROR(7): Variable 'j' is not declared.
ERROR(8): Variable 'l' is not declared.
ERROR(9): Variable 'm' is not declared.
ERROR(10): Variable 'k' is not declared.
WARNING(2): The variable x seems not to be used.
Number of warnings: 1
Number of errors: 10
