====================================
FILE: uninit.c-
ERROR(4): Symbol 'z' is already declared at line 4.
ERROR(4): Symbol 'z' is already declared at line 4.
WARNING(6): Variable i may be uninitialized when used here.
WARNING(8): Variable g may be uninitialized when used here.
WARNING(9): Variable h may be uninitialized when used here.
WARNING(10): Variable j may be uninitialized when used here.
WARNING(11): Variable k may be uninitialized when used here.
WARNING(12): Variable l may be uninitialized when used here.
WARNING(13): Variable m may be uninitialized when used here.
ERROR(14): Function 'dog' is not declared.
ERROR(15): Cannot use function 'main' as a variable.
WARNING(2): The variable x seems not to be used.
Number of warnings: 8
Number of errors: 4
