====================================
RUN: basicExtra.c-
WARNING(4): Expecting to return type char but function 'toads' has no return statement.
WARNING(13): Variable bb may be uninitialized when used here.
WARNING(14): Variable jj may be uninitialized when used here.
WARNING(19): Variable a may be uninitialized when used here.
WARNING(19): Variable b may be uninitialized when used here.
WARNING(20): Variable i may be uninitialized when used here.
ERROR(20): '/' requires operands of type int but lhs is of type bool.
ERROR(21): '/' requires operands of type int but rhs is of type bool.
ERROR(22): '%' requires operands of type int but lhs is of type bool.
ERROR(23): '%' requires operands of type int but rhs is of type bool.
ERROR(24): '-' requires operands of type int but lhs is of type bool.
ERROR(25): '-' requires operands of type int but rhs is of type bool.
ERROR(28): '<' requires operands of the same type but lhs is type void and rhs is type char.
ERROR(29): '<' requires operands of the same type but lhs is type char and rhs is type void.
ERROR(31): Variable 'k' is not declared.
ERROR(32): Variable 'k' is not declared.
ERROR(33): Variable 'k' is not declared.
ERROR(33): Variable 'k' is not declared.
ERROR(34): Function 'k' is not declared.
ERROR(35): 'i' is a simple variable and cannot be called.
WARNING(10): The variable j seems not to be used.
Number of warnings: 7
Number of errors: 14
