====================================
RUN: callparam.c-
WARNING(40): Variable x may be uninitialized when used here.
WARNING(40): Variable y may be uninitialized when used here.
WARNING(40): Variable z may be uninitialized when used here.
WARNING(40): Variable XX may be uninitialized when used here.
WARNING(40): Variable YY may be uninitialized when used here.
WARNING(40): Variable ZZ may be uninitialized when used here.
Func scalar: returns type void [line: 2]
.   Child: 0  Param a: type int [mem: Param  size: 1  loc: -2] [line: 2]
.   Sibling: 1  Param b: type bool [mem: Param  size: 1  loc: -3] [line: 2]
.   Sibling: 2  Param c: type char [mem: Param  size: 1  loc: -4] [line: 2]
.   Child: 1  Compound [line: 3]
.   .   Child: 1  Call output: type void [line: 4]
.   .   .   Child: 0  Id a: type int [mem: Param  size: 1  loc: -2] [line: 4]
.   .   Sibling: 1  Call outputb: type void [line: 5]
.   .   .   Child: 0  Id b: type bool [mem: Param  size: 1  loc: -3] [line: 5]
.   .   Sibling: 2  Call outputc: type void [line: 6]
.   .   .   Child: 0  Id c: type char [mem: Param  size: 1  loc: -4] [line: 6]
.   .   Sibling: 3  Call outnl: type void [line: 7]
Sibling: 1  Func array: returns type void [line: 11]
.   Child: 0  Param a: array of type int [mem: Param  size: 1  loc: -2] [line: 11]
.   Sibling: 1  Param b: array of type bool [mem: Param  size: 1  loc: -3] [line: 11]
.   Sibling: 2  Param c: array of type char [mem: Param  size: 1  loc: -4] [line: 11]
.   Child: 1  Compound [line: 12]
.   .   Child: 1  Call output: type void [line: 13]
.   .   .   Child: 0  Op [ : type int [line: 13]
.   .   .   .   Child: 0  Id a: array of type int [mem: Param  size: 1  loc: -2] [line: 13]
.   .   .   .   Child: 1  Const 1 : type int [line: 13]
.   .   Sibling: 1  Call outputb: type void [line: 14]
.   .   .   Child: 0  Op [ : type bool [line: 14]
.   .   .   .   Child: 0  Id b: array of type bool [mem: Param  size: 1  loc: -3] [line: 14]
.   .   .   .   Child: 1  Const 2 : type int [line: 14]
.   .   Sibling: 2  Call outputc: type void [line: 15]
.   .   .   Child: 0  Op [ : type char [line: 15]
.   .   .   .   Child: 0  Id c: array of type char [mem: Param  size: 1  loc: -4] [line: 15]
.   .   .   .   Child: 1  Const 3 : type int [line: 15]
.   .   Sibling: 3  Call outnl: type void [line: 16]
Sibling: 2  Func fred: returns type void [line: 20]
.   Child: 0  Param x: type int [mem: Param  size: 1  loc: -2] [line: 20]
.   Sibling: 1  Param y: type bool [mem: Param  size: 1  loc: -3] [line: 20]
.   Sibling: 2  Param z: type char [mem: Param  size: 1  loc: -4] [line: 20]
.   Sibling: 3  Param XX: array of type int [mem: Param  size: 1  loc: -5] [line: 20]
.   Sibling: 4  Param YY: array of type bool [mem: Param  size: 1  loc: -6] [line: 20]
.   Sibling: 5  Param ZZ: array of type char [mem: Param  size: 1  loc: -7] [line: 20]
.   Child: 1  Compound [line: 21]
.   .   Child: 1  Assign = : type int [line: 22]
.   .   .   Child: 0  Id x: type int [mem: Param  size: 1  loc: -2] [line: 22]
.   .   .   Child: 1  Const 333 : type int [line: 22]
.   .   Sibling: 1  Assign = : type bool [line: 23]
.   .   .   Child: 0  Id y: type bool [mem: Param  size: 1  loc: -3] [line: 23]
.   .   .   Child: 1  Const true : type bool [line: 23]
.   .   Sibling: 2  Assign = : type char [line: 24]
.   .   .   Child: 0  Id z: type char [mem: Param  size: 1  loc: -4] [line: 24]
.   .   .   Child: 1  Const: 'z' : type char [line: 24]
.   .   Sibling: 3  Assign = : type int [line: 26]
.   .   .   Child: 0  Op [ : type int [line: 26]
.   .   .   .   Child: 0  Id XX: array of type int [mem: Param  size: 1  loc: -5] [line: 26]
.   .   .   .   Child: 1  Const 1 : type int [line: 26]
.   .   .   Child: 1  Const 444 : type int [line: 26]
.   .   Sibling: 4  Assign = : type bool [line: 27]
.   .   .   Child: 0  Op [ : type bool [line: 27]
.   .   .   .   Child: 0  Id YY: array of type bool [mem: Param  size: 1  loc: -6] [line: 27]
.   .   .   .   Child: 1  Const 2 : type int [line: 27]
.   .   .   Child: 1  Const false : type bool [line: 27]
.   .   Sibling: 5  Assign = : type char [line: 28]
.   .   .   Child: 0  Op [ : type char [line: 28]
.   .   .   .   Child: 0  Id ZZ: array of type char [mem: Param  size: 1  loc: -7] [line: 28]
.   .   .   .   Child: 1  Const 3 : type int [line: 28]
.   .   .   Child: 1  Const: 'a' : type char [line: 28]
.   .   Sibling: 6  Call scalar: type void [line: 30]
.   .   .   Child: 0  Id x: type int [mem: Param  size: 1  loc: -2] [line: 30]
.   .   .   Sibling: 1  Id y: type bool [mem: Param  size: 1  loc: -3] [line: 30]
.   .   .   Sibling: 2  Id z: type char [mem: Param  size: 1  loc: -4] [line: 30]
.   .   Sibling: 7  Call array: type void [line: 31]
.   .   .   Child: 0  Id XX: array of type int [mem: Param  size: 1  loc: -5] [line: 31]
.   .   .   Sibling: 1  Id YY: array of type bool [mem: Param  size: 1  loc: -6] [line: 31]
.   .   .   Sibling: 2  Id ZZ: array of type char [mem: Param  size: 1  loc: -7] [line: 31]
Sibling: 3  Func main: returns type void [line: 35]
.   Child: 1  Compound [line: 36]
.   .   Child: 0  Var x: type int [mem: Local  size: 1  loc: -2] [line: 37]
.   .   Sibling: 1  Var y: type bool [mem: Local  size: 1  loc: -3] [line: 37]
.   .   Sibling: 2  Var z: type char [mem: Local  size: 1  loc: -4] [line: 37]
.   .   Sibling: 3  Var XX: array of type int [mem: Local  size: 4  loc: -6] [line: 38]
.   .   Sibling: 4  Var YY: array of type bool [mem: Local  size: 6  loc: -10] [line: 38]
.   .   Sibling: 5  Var ZZ: array of type char [mem: Local  size: 8  loc: -16] [line: 38]
.   .   Child: 1  Call fred: type void [line: 40]
.   .   .   Child: 0  Id x: type int [mem: Local  size: 1  loc: -2] [line: 40]
.   .   .   Sibling: 1  Id y: type bool [mem: Local  size: 1  loc: -3] [line: 40]
.   .   .   Sibling: 2  Id z: type char [mem: Local  size: 1  loc: -4] [line: 40]
.   .   .   Sibling: 3  Id XX: array of type int [mem: Local  size: 4  loc: -6] [line: 40]
.   .   .   Sibling: 4  Id YY: array of type bool [mem: Local  size: 6  loc: -10] [line: 40]
.   .   .   Sibling: 5  Id ZZ: array of type char [mem: Local  size: 8  loc: -16] [line: 40]
Number of warnings: 6
Number of errors: 0
