====================================
RUN: gcdsm.c-
Func gcd: returns type int [line: 2]
.   Child: 0  Param u: type int [mem: Param  size: 1  loc: -2] [line: 2]
.   Sibling: 1  Param v: type int [mem: Param  size: 1  loc: -3] [line: 2]
.   Child: 1  If [line: 2]
.   .   Child: 0  Op == : type bool [line: 2]
.   .   .   Child: 0  Id v: type int [mem: Param  size: 1  loc: -3] [line: 2]
.   .   .   Child: 1  Const 0 : type int [line: 2]
.   .   Child: 1  Return [line: 2]
.   .   .   Child: 0  Id u: type int [mem: Param  size: 1  loc: -2] [line: 2]
.   .   Child: 2  Return [line: 2]
.   .   .   Child: 0  Call gcd: type int [line: 2]
.   .   .   .   Child: 0  Id v: type int [mem: Param  size: 1  loc: -3] [line: 2]
.   .   .   .   Sibling: 1  Op - : type int [line: 2]
.   .   .   .   .   Child: 0  Id u: type int [mem: Param  size: 1  loc: -2] [line: 2]
.   .   .   .   .   Child: 1  Op * : type int [line: 2]
.   .   .   .   .   .   Child: 0  Op / : type int [line: 2]
.   .   .   .   .   .   .   Child: 0  Id u: type int [mem: Param  size: 1  loc: -2] [line: 2]
.   .   .   .   .   .   .   Child: 1  Id v: type int [mem: Param  size: 1  loc: -3] [line: 2]
.   .   .   .   .   .   Child: 1  Id v: type int [mem: Param  size: 1  loc: -3] [line: 2]
Sibling: 1  Func main: returns type void [line: 4]
.   Child: 1  Compound [line: 5]
.   .   Child: 0  Var x: type int [mem: Local  size: 1  loc: -2] [line: 6]
.   .   Sibling: 1  Var y: type int [mem: Local  size: 1  loc: -3] [line: 6]
.   .   Child: 1  Assign = : type int [line: 8]
.   .   .   Child: 0  Id x: type int [mem: Local  size: 1  loc: -2] [line: 8]
.   .   .   Child: 1  Call input: type int [line: 8]
.   .   Sibling: 1  Assign = : type int [line: 9]
.   .   .   Child: 0  Id y: type int [mem: Local  size: 1  loc: -3] [line: 9]
.   .   .   Child: 1  Call input: type int [line: 9]
.   .   Sibling: 2  Call output: type void [line: 10]
.   .   .   Child: 0  Call gcd: type int [line: 10]
.   .   .   .   Child: 0  Id x: type int [mem: Local  size: 1  loc: -2] [line: 10]
.   .   .   .   Sibling: 1  Id y: type int [mem: Local  size: 1  loc: -3] [line: 10]
Number of warnings: 0
Number of errors: 0
