====================================
RUN: scope5.c-
Var x: type int [mem: Global  size: 1  loc: 0] [line: 2]
.   Child: 0  Const 111 : type int [line: 2]
Sibling: 1  Func inc: returns type int [line: 4]
.   Child: 1  Compound [line: 5]
.   .   Child: 0  Var x: static type int [mem: Static  size: 1  loc: -1] [line: 6]
.   .   .   Child: 0  Const 222 : type int [line: 6]
.   .   Child: 1  Return [line: 7]
.   .   .   Child: 0  Assign ++ : type int [line: 7]
.   .   .   .   Child: 0  Id x: static type int [mem: Static  size: 1  loc: -1] [line: 7]
Sibling: 2  Func fred: returns type int [line: 10]
.   Child: 1  Compound [line: 11]
.   .   Child: 0  Var x: static type int [mem: Static  size: 1  loc: -2] [line: 12]
.   .   .   Child: 0  Const 333 : type int [line: 12]
.   .   Child: 1  Assign ++ : type int [line: 14]
.   .   .   Child: 0  Id x: static type int [mem: Static  size: 1  loc: -2] [line: 14]
.   .   Sibling: 1  Call output: type void [line: 15]
.   .   .   Child: 0  Id x: static type int [mem: Static  size: 1  loc: -2] [line: 15]
.   .   Sibling: 2  Compound [line: 16]
.   .   .   Child: 0  Var x: static type int [mem: Static  size: 1  loc: -3] [line: 17]
.   .   .   .   Child: 0  Const 444 : type int [line: 17]
.   .   .   Child: 1  Assign ++ : type int [line: 19]
.   .   .   .   Child: 0  Id x: static type int [mem: Static  size: 1  loc: -3] [line: 19]
.   .   .   Sibling: 1  Call output: type void [line: 20]
.   .   .   .   Child: 0  Id x: static type int [mem: Static  size: 1  loc: -3] [line: 20]
.   .   Sibling: 3  Call output: type void [line: 22]
.   .   .   Child: 0  Id x: static type int [mem: Static  size: 1  loc: -2] [line: 22]
.   .   Sibling: 4  Call outnl: type void [line: 23]
.   .   Sibling: 5  Return [line: 25]
.   .   .   Child: 0  Id x: static type int [mem: Static  size: 1  loc: -2] [line: 25]
Sibling: 3  Func main: returns type void [line: 28]
.   Child: 1  Compound [line: 29]
.   .   Child: 1  Call output: type void [line: 30]
.   .   .   Child: 0  Call fred: type int [line: 30]
.   .   Sibling: 1  Call outnl: type void [line: 31]
.   .   Sibling: 2  Call output: type void [line: 32]
.   .   .   Child: 0  Call fred: type int [line: 32]
.   .   Sibling: 3  Call outnl: type void [line: 33]
.   .   Sibling: 4  Call output: type void [line: 35]
.   .   .   Child: 0  Call inc: type int [line: 35]
.   .   Sibling: 5  Call output: type void [line: 36]
.   .   .   Child: 0  Call inc: type int [line: 36]
.   .   Sibling: 6  Call output: type void [line: 37]
.   .   .   Child: 0  Call inc: type int [line: 37]
.   .   Sibling: 7  Call output: type void [line: 38]
.   .   .   Child: 0  Call inc: type int [line: 38]
.   .   Sibling: 8  Call outnl: type void [line: 39]
Number of warnings: 0
Number of errors: 0
