====================================
RUN: syntaxerr-loops.c-
ERROR(9): Syntax error, unexpected identifier "forever", expecting ';'.
ERROR(10): Syntax error, unexpected identifier "y", expecting ';'.
ERROR(10): Invalid or misplaced input character: '.'. Character Ignored.
ERROR(10): Invalid or misplaced input character: '.'. Character Ignored.
ERROR(11): Syntax error, unexpected identifier "y", expecting ';'.
ERROR(11): Invalid or misplaced input character: '.'. Character Ignored.
ERROR(11): Invalid or misplaced input character: '.'. Character Ignored.
ERROR(12): Syntax error, unexpected identifier "lyra", expecting ';'.
ERROR(12): Invalid or misplaced input character: '.'. Character Ignored.
ERROR(12): Invalid or misplaced input character: '.'. Character Ignored.
ERROR(16): Syntax error, unexpected identifier "lyra", expecting '('.
ERROR(16): Invalid or misplaced input character: '.'. Character Ignored.
ERROR(16): Invalid or misplaced input character: '.'. Character Ignored.
ERROR(16): Syntax error, unexpected identifier "do", expecting ',' or ';'.
ERROR(22): Syntax error, unexpected '=', expecting '('.
Number of warnings: 0
Number of errors: 15
