====================================
RUN: syntaxerr-while.c-
ERROR(6): Syntax error, unexpected "int", expecting ')' or '|'.
ERROR(8): Syntax error, unexpected "int", expecting ')' or '|'.
ERROR(8): Syntax error, unexpected ';', expecting ')' or '|'.
ERROR(10): Syntax error, unexpected "int", expecting ')' or '|'.
ERROR(12): Syntax error, unexpected ';', expecting ')' or '|'.
ERROR(16): Syntax error, unexpected ';', expecting ')' or '|'.
ERROR(21): Syntax error, unexpected identifier "x", expecting ')' or '|'.
ERROR(21): Syntax error, unexpected ';', expecting ')' or '|'.
ERROR(23): Syntax error, unexpected identifier "x", expecting ')' or '|'.
ERROR(25): Syntax error, unexpected ')'.
ERROR(25): Syntax error, unexpected ';', expecting ')' or '|'.
ERROR(27): Syntax error, unexpected ';'.
ERROR(29): Syntax error, unexpected ';', expecting ')' or '|'.
ERROR(33): Syntax error, unexpected ';', expecting ')' or '|'.
ERROR(38): Syntax error, unexpected identifier "x", expecting ')' or '|'.
ERROR(38): Syntax error, unexpected ';', expecting ')' or '|'.
ERROR(40): Syntax error, unexpected identifier "x", expecting ')' or '|'.
ERROR(44): Syntax error, unexpected ';'.
ERROR(46): Syntax error, unexpected ';', expecting ')' or '|'.
ERROR(50): Syntax error, unexpected ';', expecting ')' or '|'.
Number of warnings: 0
Number of errors: 20
