====================================
RUN: tinyMixedControl3.c-
ERROR(6): Expecting Boolean test condition in if statement but got type int.
ERROR(7): For statement requires that symbol 'x' be an array to loop through.
ERROR(8): Expecting Boolean test condition in if statement but got type int.
ERROR(9): For statement requires that symbol 'x' be an array to loop through.
ERROR(13): Expecting Boolean test condition in if statement but got type int.
ERROR(14): For statement requires that symbol 'x' be an array to loop through.
ERROR(16): For statement requires that symbol 'x' be an array to loop through.
ERROR(18): Expecting Boolean test condition in if statement but got type int.
ERROR(19): For statement requires that symbol 'x' be an array to loop through.
ERROR(20): For statement requires that symbol 'x' be an array to loop through.
WARNING(4): The variable x seems not to be used.
Number of warnings: 1
Number of errors: 10
