====================================
RUN: tinyIf.c-
Func main: returns type void [line: 2]
.   Child: 1  Compound [line: 3]
.   .   Child: 0  Var x: type int [mem: Local  size: 1  loc: -2] [line: 4]
.   .   Child: 1  Assign = : type int [line: 6]
.   .   .   Child: 0  Id x: type int [mem: Local  size: 1  loc: -2] [line: 6]
.   .   .   Child: 1  Const 0 : type int [line: 6]
.   .   Sibling: 1  If [line: 8]
.   .   .   Child: 0  Const false : type bool [line: 8]
.   .   .   Child: 1  Assign ++ : type int [line: 8]
.   .   .   .   Child: 0  Id x: type int [mem: Local  size: 1  loc: -2] [line: 8]
.   .   Sibling: 2  If [line: 10]
.   .   .   Child: 0  Op < : type bool [line: 10]
.   .   .   .   Child: 0  Id x: type int [mem: Local  size: 1  loc: -2] [line: 10]
.   .   .   .   Child: 1  Const 10 : type int [line: 10]
.   .   .   Child: 1  Assign ++ : type int [line: 10]
.   .   .   .   Child: 0  Id x: type int [mem: Local  size: 1  loc: -2] [line: 10]
.   .   .   Child: 2  Assign -- : type int [line: 11]
.   .   .   .   Child: 0  Id x: type int [mem: Local  size: 1  loc: -2] [line: 11]
Number of warnings: 0
Number of errors: 0
