====================================
RUN: tinyStatic.c-
Func main: returns type void [line: 2]
.   Child: 1  Compound [line: 3]
.   .   Child: 0  Var x: static type int [mem: Static  size: 1  loc: 0] [line: 4]
.   .   .   Child: 0  Const 111 : type int [line: 4]
.   .   Child: 1  Call output: type void [line: 6]
.   .   .   Child: 0  Id x: static type int [mem: Static  size: 1  loc: 0] [line: 6]
.   .   Sibling: 1  Assign = : type int [line: 7]
.   .   .   Child: 0  Id x: static type int [mem: Static  size: 1  loc: 0] [line: 7]
.   .   .   Child: 1  Const 222 : type int [line: 7]
.   .   Sibling: 2  Call output: type void [line: 8]
.   .   .   Child: 0  Id x: static type int [mem: Static  size: 1  loc: 0] [line: 8]
Number of warnings: 0
Number of errors: 0
