====================================
RUN: tinyCall3.c-
Func three: returns type int [line: 2]
.   Child: 0  Param z: array of type int [mem: Param  size: 1  loc: -2] [line: 2]
.   Child: 1  Compound [line: 2]
.   .   Child: 1  Call output: type void [line: 3]
.   .   .   Child: 0  Op [ : type int [line: 3]
.   .   .   .   Child: 0  Id z: array of type int [mem: Param  size: 1  loc: -2] [line: 3]
.   .   .   .   Child: 1  Const 7 : type int [line: 3]
.   .   Sibling: 1  Assign = : type int [line: 4]
.   .   .   Child: 0  Op [ : type int [line: 4]
.   .   .   .   Child: 0  Id z: array of type int [mem: Param  size: 1  loc: -2] [line: 4]
.   .   .   .   Child: 1  Const 7 : type int [line: 4]
.   .   .   Child: 1  Const 666 : type int [line: 4]
.   .   Sibling: 2  Call outnl: type void [line: 5]
.   .   Sibling: 3  Return [line: 7]
.   .   .   Child: 0  Op [ : type int [line: 7]
.   .   .   .   Child: 0  Id z: array of type int [mem: Param  size: 1  loc: -2] [line: 7]
.   .   .   .   Child: 1  Const 7 : type int [line: 7]
Sibling: 1  Func two: returns type int [line: 11]
.   Child: 0  Param y: array of type int [mem: Param  size: 1  loc: -2] [line: 11]
.   Child: 1  Compound [line: 11]
.   .   Child: 1  Call output: type void [line: 12]
.   .   .   Child: 0  Op [ : type int [line: 12]
.   .   .   .   Child: 0  Id y: array of type int [mem: Param  size: 1  loc: -2] [line: 12]
.   .   .   .   Child: 1  Const 7 : type int [line: 12]
.   .   Sibling: 1  Call three: type int [line: 13]
.   .   .   Child: 0  Id y: array of type int [mem: Param  size: 1  loc: -2] [line: 13]
.   .   Sibling: 2  Call output: type void [line: 14]
.   .   .   Child: 0  Op [ : type int [line: 14]
.   .   .   .   Child: 0  Id y: array of type int [mem: Param  size: 1  loc: -2] [line: 14]
.   .   .   .   Child: 1  Const 7 : type int [line: 14]
.   .   Sibling: 3  Return [line: 16]
.   .   .   Child: 0  Op [ : type int [line: 16]
.   .   .   .   Child: 0  Id y: array of type int [mem: Param  size: 1  loc: -2] [line: 16]
.   .   .   .   Child: 1  Const 7 : type int [line: 16]
Sibling: 2  Func one: returns type int [line: 20]
.   Child: 0  Param x: array of type int [mem: Param  size: 1  loc: -2] [line: 20]
.   Child: 1  Compound [line: 20]
.   .   Child: 1  Call output: type void [line: 21]
.   .   .   Child: 0  Op [ : type int [line: 21]
.   .   .   .   Child: 0  Id x: array of type int [mem: Param  size: 1  loc: -2] [line: 21]
.   .   .   .   Child: 1  Const 7 : type int [line: 21]
.   .   Sibling: 1  Call two: type int [line: 22]
.   .   .   Child: 0  Id x: array of type int [mem: Param  size: 1  loc: -2] [line: 22]
.   .   Sibling: 2  Call output: type void [line: 23]
.   .   .   Child: 0  Op [ : type int [line: 23]
.   .   .   .   Child: 0  Id x: array of type int [mem: Param  size: 1  loc: -2] [line: 23]
.   .   .   .   Child: 1  Const 7 : type int [line: 23]
.   .   Sibling: 3  Return [line: 25]
.   .   .   Child: 0  Op [ : type int [line: 25]
.   .   .   .   Child: 0  Id x: array of type int [mem: Param  size: 1  loc: -2] [line: 25]
.   .   .   .   Child: 1  Const 7 : type int [line: 25]
Sibling: 3  Func main: returns type void [line: 29]
.   Child: 1  Compound [line: 30]
.   .   Child: 0  Var w: array of type int [mem: Local  size: 11  loc: -3] [line: 31]
.   .   Child: 1  Assign = : type int [line: 33]
.   .   .   Child: 0  Op [ : type int [line: 33]
.   .   .   .   Child: 0  Id w: array of type int [mem: Local  size: 11  loc: -3] [line: 33]
.   .   .   .   Child: 1  Const 7 : type int [line: 33]
.   .   .   Child: 1  Const 42 : type int [line: 33]
.   .   Sibling: 1  Call output: type void [line: 34]
.   .   .   Child: 0  Call one: type int [line: 34]
.   .   .   .   Child: 0  Id w: array of type int [mem: Local  size: 11  loc: -3] [line: 34]
.   .   Sibling: 2  Call output: type void [line: 35]
.   .   .   Child: 0  Op [ : type int [line: 35]
.   .   .   .   Child: 0  Id w: array of type int [mem: Local  size: 11  loc: -3] [line: 35]
.   .   .   .   Child: 1  Const 7 : type int [line: 35]
.   .   Sibling: 3  Call outnl: type void [line: 36]
Number of warnings: 0
Number of errors: 0
