====================================
RUN: unused.c-
WARNING(12): The variable y seems not to be used.
WARNING(8): Expecting to return type int but function 'main' has no return statement.
WARNING(8): The variable u seems not to be used.
WARNING(10): The variable w seems not to be used.
WARNING(8): The variable z seems not to be used.
ERROR(21): Cannot use function 'dog' as a variable.
ERROR(22): Variable 'klingon' is not declared.
ERROR(23): Variable 'klingon' is not declared.
ERROR(23): Variable 'romulon' is not declared.
WARNING(20): Expecting to return type int but function 'elk' has no return statement.
Number of warnings: 6
Number of errors: 4
